// Vitest Snapshot v1, https://vitest.dev/guide/snapshot.html

exports[`Nav > should render correctly 1`] = `
<div>
  <header>
    <nav
      class="py-20 px-8 md:px-0 max-w-5xl mx-auto"
    >
      <ul
        class="flex flex-col sm:flex-row justify-between items-center"
      >
        <li>
          <h5
            class="font-pacifico font-bold text-2xl"
          >
            PhotoSearch.
          </h5>
        </li>
        <li>
          <p>
            Monday, Jan 2024
          </p>
        </li>
      </ul>
    </nav>
  </header>
</div>
`;
