// Vitest Snapshot v1, https://vitest.dev/guide/snapshot.html

exports[`SearchForm > renders as expected 1`] = `
<div>
  <form
    action="javascript:throw new Error('A React form was unexpectedly submitted. If you called form.submit() manually, consider using form.requestSubmit() instead. If you\\'re trying to use event.stopPropagation() in a submit event handler, consider also calling event.preventDefault().')"
    class="flex gap-x-4"
  >
    <input
      aria-label="Search"
      class="block w-full rounded-md bg-white px-3 py-1.5 text-base text-gray-900 outline outline-1 -outline-offset-1 outline-gray-300 placeholder:text-gray-400 focus:outline focus:outline-2 focus:-outline-offset-2 focus:outline-blue-500 sm:text-sm/6"
      id="search"
      name="search"
      required=""
      type="text"
    />
    <button
      class="rounded-md bg-blue-600 px-3 py-2 text-sm font-semibold text-white shadow-sm hover:bg-blue-500 focus-visible:outline focus-visible:outline-2 focus-visible:outline-offset-2 focus-visible:outline-blue-600 flex-shrink-0"
      type="submit"
    >
      Search
    </button>
  </form>
</div>
`;
